* checking S3 generic/method consistency ... WARNING
format:
  function(x, ...)
format.demoTable:
  function(demoTable, formula)

print:
  function(x, ...)
print.covInfo:
  function(x)

transform:
  function(_data, ...)
transform.log10:
  function(x, log)

plot:
  function(x, ...)
plot.fit:
  function(input, newFunc, yLabel, xLabel, label.cex, xLimits, yLimits,
           title, plot.title, layout, aspect, mnplot, seplot, logX,
           logY, pointcol, linecol, axis.lim.widener, do.plot, abline,
           ...)

plot:
  function(x, ...)
plot.tornado:
  function(torn.ds, main, xlim, xlab, bar.width, base.round, cex.main,
           cex.xaxis, cex.yaxis, cex.barlab, cex.baslab, bar.col,
           show.base, adj.ylabs)

reorder:
  function(x, ...)
reorder.names:
  function(x, who, after)

See section 'Generic functions and methods' in the 'Writing R
Extensions' manual.

Found the following apparent S3 methods exported but not registered:
  format.demoTable plot.fit plot.tornado reorder.names transform.log10
See section 'Registering S3 methods' in the 'Writing R Extensions'
manual.
* checking replacement functions ... OK
* checking foreign function calls ... OK
* checking R code for possible problems ... NOTE
.coveffect: no visible global function definition for 'ddply'
.coveffect: no visible global function definition for 'here'
.coveffect: no visible binding for global variable 'summarise'
.coveffect: no visible global function definition for 'var'
.coveffect: no visible global function definition for 'sd'
.coveffect: no visible global function definition for 'quantile'
R.installation.validation: no visible binding for global variable
  'Priority'
R.installation.validation: no visible binding for global variable
  'Package'
bootsamp : mvrnormR: no visible global function definition for 'rnorm'
bootstrap.ParTab: no visible binding for global variable 'median'
bootstrap.ParTab: no visible binding for global variable 'quantile'
bootstrap.ParTab: no visible binding for global variable 'Lower'
bootstrap.ParTab: no visible binding for global variable 'Upper'
conDataFun1: no visible global function definition for 'var'
conDataFun2: no visible global function definition for 'median'
conDataFun3: no visible global function definition for 'var'
conDataFun3: no visible global function definition for 'qt'
covInfo: no visible global function definition for 'median'
coveff.plot: no visible binding for global variable 'cov.val'
coveff.plot: no visible binding for global variable 'pi.lower'
coveff.plot: no visible binding for global variable 'pi.upper'
coveff.plot: no visible binding for global variable 'posthoc'
coveff.plot: no visible binding for global variable 'typical'
coveff.plot: no visible binding for global variable 'group'
cut3: no visible global function definition for 'approx'
eff.2comp.1abs: no visible global function definition for 'sprt'
eff.2comp.1abs.ss: no visible global function definition for 'sprt'
eff.2comp.1abs.ss: no visible binding for global variable 'ka'
eff.2comp.iv: no visible global function definition for 'sprt'
eff.2comp.iv: no visible binding for global variable 'ka'
example.NONMEM.dataset: no visible binding for global variable 'EVID'
example.pkpdData: no visible global function definition for 'median'
example.pkpdData: no visible global function definition for 'rnorm'
format.demoTable: no visible binding for global variable 'Parameter'
full.names: no visible binding for global variable 'wt'
full.names: no visible binding for global variable 'ht'
full.names: no visible binding for global variable 'bmi'
full.names: no visible binding for global variable 'age'
full.names: no visible binding for global variable 'sex'
full.names: no visible binding for global variable 'crcl'
full.names: no visible binding for global variable 'race'
get.dOFV: no visible binding for global variable 'run1'
get.dOFV: no visible binding for global variable 'run2'
get.multiple.xpose.tables : <anonymous>: no visible binding for global
  variable 'model'
get.multiple.xpose.tables : <anonymous>: no visible binding for global
  variable 'ID'
get.multiple.xpose.tables : <anonymous>: no visible binding for global
  variable 'PRED'
get.multiple.xpose.tables : <anonymous>: no visible binding for global
  variable 'IPRED'
get.multiple.xpose.tables : <anonymous>: no visible binding for global
  variable 'CWRES'
get.omega: no visible binding for global variable 'Parameter'
get.shrinkage: no visible binding for global variable 'nmDir'
get.sigma: no visible binding for global variable 'Parameter'
get.theta: no visible binding for global variable 'Parameter'
ggvpc_standard: no visible binding for global variable 'IVAR'
ggvpc_standard: no visible binding for global variable 'DVVAR'
ggvpc_standard: no visible binding for global variable 'xCov'
ggvpc_standard: no visible binding for global variable 'piLower'
ggvpc_standard: no visible binding for global variable 'piUpper'
ggvpc_standard: no visible binding for global variable 'xCovm'
ggvpc_standard: no visible binding for global variable 'obsLower'
ggvpc_standard: no visible binding for global variable 'vpc50.real'
ggvpc_standard: no visible binding for global variable 'obsUpper'
ggvpc_standard: no visible binding for global variable 'vpc50.sim'
ggvpc_xpose: no visible global function definition for 'gray'
ggvpc_xpose: no visible binding for global variable 'xCov'
ggvpc_xpose: no visible binding for global variable 'piLowerDown'
ggvpc_xpose: no visible binding for global variable 'piLowerUp'
ggvpc_xpose: no visible binding for global variable 'piUpperDown'
ggvpc_xpose: no visible binding for global variable 'piUpperUp'
ggvpc_xpose: no visible binding for global variable 'piCentralDown'
ggvpc_xpose: no visible binding for global variable 'piCentralUp'
ggvpc_xpose: no visible binding for global variable 'xCovm'
ggvpc_xpose: no visible binding for global variable 'obsLower'
ggvpc_xpose: no visible binding for global variable 'vpc50.real'
ggvpc_xpose: no visible binding for global variable 'obsUpper'
ggvpc_xpose: no visible binding for global variable 'vpc50.sim'
ggvpc_xpose: no visible binding for global variable 'IVAR'
ggvpc_xpose: no visible binding for global variable 'DVVAR'
histogram.bootstrap: no visible binding for global variable
  'minimization.successful'
histogram.bootstrap: no visible binding for global variable
  'covariance.step.successful'
histogram.bootstrap: no visible binding for global variable
  'covariance.step.warnings'
histogram.bootstrap: no visible binding for global variable
  'estimate.near.boundary'
histogram.bootstrap: no visible global function definition for
  'density'
histogram.bootstrap: no visible global function definition for 'png'
histogram.bootstrap: no visible global function definition for 'par'
histogram.bootstrap: no visible global function definition for
  'quantile'
histogram.bootstrap: no visible global function definition for 'hist'
histogram.bootstrap: no visible global function definition for 'lines'
histogram.bootstrap: no visible global function definition for 'abline'
histogram.bootstrap: no visible global function definition for 'text'
histogram.bootstrap: no visible global function definition for
  'dev.off'
histogram.bootstrap: no visible global function definition for
  'dev.cur'
make.map: no visible binding for global variable 'pf.nm'
make.map: no visible binding for global variable 'comp1'
make.map: no visible binding for global variable 'comp2'
make.symmetric: no visible binding for global variable 'upper'
make.symmetric: no visible binding for global variable 'lower'
makeRandom: no visible global function definition for 'trim'
meta.map: no visible global function definition for 'plot'
meta.map: no visible global function definition for 'segments'
meta.map: no visible global function definition for 'polygon'
meta.map: no visible global function definition for 'text'
myPNG: no visible global function definition for 'png'
nlme.diag: no visible global function definition for 'residuals'
nlme.diag: no visible global function definition for 'fitted'
nlme.diag: no visible global function definition for 'predict'
nlme.diag: no visible binding for global variable 'value'
nlme.diag: no visible binding for global variable 'variable'
nlme.diag: no visible global function definition for 'plot'
nlme.diag: no visible global function definition for 'as.formula'
nlme.diag : <anonymous>: no visible binding for global variable
  'median'
nlme.extract: no visible global function definition for 'coef'
nlme.extract: no visible global function definition for 'rnorm'
nlme.extract: no visible global function definition for 'predict'
nlme.extract: no visible binding for global variable 'lower'
nlme.extract: no visible binding for global variable 'upper'
nlme.extract: no visible binding for global variable 'Parameter'
nlme.extract: no visible binding for global variable 'Est.se'
nlme.extract: no visible binding for global variable 'CV'
nlme.extract: no visible binding for global variable 'CI95'
nlme.extract : <anonymous>: no visible global function definition for
  'var'
nlme.modeltrail: no visible binding for global variable 'Model'
nlme.modeltrail: no visible binding for global variable 'df'
nlme.modeltrail: no visible binding for global variable 'logLik'
nlme.predict: no visible binding for global variable
  'partial.residuals'
nlme.predict: no visible binding for global variable 'prediction'
nlme.predict: no visible binding for global variable 'residuals'
nlme.predict: no visible binding for global variable 'estimated'
nlme.predict: no visible binding for global variable 'sampled'
nlme.predict: no visible binding for global variable 'fixed.to.zero'
nlme.predict: no visible global function definition for 'coef'
nlme.predict: no visible global function definition for 'getGroups'
nlme.predict: no visible global function definition for 'predict'
nlme.predict: no visible global function definition for 'resid'
nlme.predict: no visible global function definition for 'approx'
nlme.vpc: no visible binding for global variable 'Lower'
nlme.vpc: no visible binding for global variable 'Upper'
nlme.vpc: no visible binding for global variable 'LowerQ'
nlme.vpc: no visible binding for global variable 'UpperQ'
nlme.vpcplot: no visible global function definition for 'rgb'
nlme.vpcplot: no visible global function definition for 'as.formula'
nls.predict: no visible global function definition for 'coef'
nls.predict: no visible global function definition for 'predict'
nls.predict: no visible global function definition for 'resid'
nls.predict: no visible global function definition for 'approx'
nm.compare.plot: no visible binding for global variable 'ID'
nm.compare.plot: no visible binding for global variable 'DV'
nm.compare.plot: no visible binding for global variable 'CWRES'
nm.compare.plot: no visible binding for global variable 'PRED'
nm.compare.plot: no visible binding for global variable 'IPRED'
nm.compare.plot: no visible binding for global variable 'TIME'
nm.compare.plot: no visible binding for global variable 'EVID'
nm.compare.plot: no visible binding for global variable 'variable'
nm.compare.plot: no visible binding for global variable 'value'
nm.compare.plot: no visible binding for global variable 'xVariable'
nm.compare.plot: no visible binding for global variable 'xValue'
nm.covplot: no visible binding for global variable 'con'
nm.covplot : eta.splom : <anonymous>: no visible global function
  definition for 'lowess'
nm.covplot: no visible binding for global variable 'variable'
nm.covplot: no visible binding for global variable 'value'
nm.covplot : eta.dens : <anonymous> : <anonymous>: no visible global
  function definition for 'qnorm'
nm.covplot: no visible binding for global variable 'conVariable'
nm.covplot: no visible binding for global variable 'conValue'
nm.covplot : etaContVarPlot : <anonymous>: no visible global function
  definition for 'lowess'
nm.covplot: no visible binding for global variable 'catVariable'
nm.covplot: no visible binding for global variable 'catValue'
nm.covplot : parContVarPlot : <anonymous>: no visible global function
  definition for 'lowess'
nm.create.control: no visible global function definition for 'trim'
nm.create.control: no visible binding for global variable 'COV'
nm.create.control: no visible binding for global variable 'EST'
nm.create.control: no visible binding for global variable 'THETA'
nm.create.control: no visible binding for global variable 'OMEGA'
nm.create.control: no visible binding for global variable 'SIGMA'
nm.create.control: no visible global function definition for
  'removeSection'
nm.insert.dose.multiple.compartments: no visible binding for global
  variable 'EVID'
nm.insert.dose.multiple.compartments: no visible binding for global
  variable '.'
nm.insert.evid2amt0: no visible binding for global variable 'EVID'
nm.modeltrail.graph : <anonymous>: no visible global function
  definition for 'quantile'
nm.params.table: no visible binding for global variable 'THETA'
nm.params.table: no visible binding for global variable 'SIGMA'
nm.params.table: no visible binding for global variable 'OMEGA'
nm.read.vpc: no visible binding for global variable 'lower'
nm.read.vpc: no visible binding for global variable 'upper'
nm.vpcplot: no visible global function definition for 'exchange.values'
nm.vpcplot : <anonymous>: no visible binding for global variable
  'lower.xcov'
nm.vpcplot : <anonymous>: no visible binding for global variable
  'upper.xcov'
nm.vpcplot : <anonymous>: no visible binding for global variable
  'ypred.cen'
nm.vpcplot : <anonymous>: no visible binding for global variable
  'ypred.lo'
nm.vpcplot : <anonymous>: no visible binding for global variable
  'ypred.hi'
nm.vpcplot : <anonymous>: no visible binding for global variable
  'yobs.cen'
nm.vpcplot : <anonymous>: no visible binding for global variable
  'yobs.lo'
nm.vpcplot : <anonymous>: no visible binding for global variable
  'yobs.hi'
nm.vpcplot : <anonymous>: no visible binding for global variable
  'ypred.cen.dn'
nm.vpcplot : <anonymous>: no visible binding for global variable
  'ypred.cen.up'
nm.vpcplot : <anonymous>: no visible binding for global variable
  'ypred.lo.dn'
nm.vpcplot : <anonymous>: no visible binding for global variable
  'ypred.lo.up'
nm.vpcplot : <anonymous>: no visible binding for global variable
  'ypred.hi.dn'
nm.vpcplot : <anonymous>: no visible binding for global variable
  'ypred.hi.up'
nm.vpcplot: no visible global function definition for 'as.formula'
nm.vpcplot: no visible binding for global variable 'ypred.cen'
nm.vpcplot: no visible binding for global variable 'ypred.lo'
nm.vpcplot: no visible binding for global variable 'ypred.hi'
odeSim: no visible global function definition for 'sfInit'
odeSim: no visible global function definition for 'sfParallel'
odeSim: no visible global function definition for 'sfCpus'
odeSim: no visible global function definition for 'sfExportAll'
odeSim: no visible global function definition for 'sfLapply'
odeSim: no visible global function definition for 'sfStop'
panel.nlme.vpc.pred: no visible binding for global variable 'col.schem'
panel.nonmem.vpc: no visible binding for global variable 'yobs.lo'
panel.nonmem.vpc: no visible binding for global variable 'yobs.cen'
panel.nonmem.vpc: no visible binding for global variable 'yobs.hi'
panel.thalf: no visible global function definition for 'coef'
panel.thalf: no visible global function definition for 'lm'
pkPredPlot: no visible global function definition for 'plot'
pkPredPlot: no visible global function definition for 'lines'
pkPredPlot: no visible global function definition for 'segments'
pkPredPlot: no visible global function definition for 'text'
pkpdPredPlot: no visible global function definition for 'plot'
pkpdPredPlot: no visible global function definition for 'lines'
pkpdPredPlot: no visible global function definition for 'segments'
pkpdPredPlot: no visible global function definition for 'text'
pkpdPredPlot: no visible binding for global variable 'ypr'
pkpdPredPlot: no visible binding for global variable 'ypr.sd'
plot.fit: no visible global function definition for 'as.formula'
plot.fit: no visible binding for global variable 'Lower'
plot.fit: no visible binding for global variable 'Upper'
plot.tornado: no visible global function definition for 'par'
plot.tornado: no visible global function definition for 'plot'
plot.tornado: no visible global function definition for 'axis'
plot.tornado: no visible global function definition for 'polygon'
plot.tornado: no visible global function definition for 'text'
plot.tornado: no visible global function definition for 'abline'
png.report: no visible global function definition for 'png'
png.slide.full: no visible global function definition for 'png'
png.slide.semi: no visible global function definition for 'png'
process.parTable: no visible global function definition for 'qt'
process.parTable: no visible binding for global variable 'Parameter'
process.runrec: no visible binding for global variable 'Run'
process.runrec: no visible binding for global variable 'Ref'
process.runrec: no visible binding for global variable 'OFV'
process.runrec: no visible binding for global variable 'dOFV'
process.runrec: no visible binding for global variable 'CondNum'
process.runrec: no visible binding for global variable 'Minimization'
process.runrec: no visible binding for global variable 'Description'
qqGamma: no visible global function definition for 'var'
qqGamma: no visible global function definition for 'rgamma'
qqGamma: no visible global function definition for 'qqplot'
qqGamma: no visible global function definition for 'abline'
read.runrec: no visible binding for global variable 'Run'
read.runrec: no visible binding for global variable 'Ref'
read.runrec: no visible binding for global variable 'OFV'
read.runrec: no visible binding for global variable 'dOFV'
read.runrec: no visible binding for global variable 'CondNum'
read.runrec: no visible binding for global variable 'Minimization'
read.runrec: no visible binding for global variable 'CovStep'
read.runrec: no visible binding for global variable 'Description'
read.runrec: no visible binding for global variable 'StructMod'
read.runrec: no visible binding for global variable 'something'
read.runrec: no visible binding for global variable 'IIV'
read.runrec: no visible binding for global variable 'IOV'
read.runrec: no visible binding for global variable 'ResMod'
read.runrec: no visible binding for global variable 'Estimation'
read.runrec: no visible binding for global variable 'DataSet'
read.runrec: no visible binding for global variable 'nObs'
read.runrec: no visible binding for global variable 'nID'
remove.tex.files: no visible binding for global variable 'aux'
remove.tex.files: no visible binding for global variable 'bbl'
remove.tex.files: no visible binding for global variable 'blg'
remove.tex.files: no visible binding for global variable 'toc'
remove.tex.files: no visible binding for global variable 'lot'
remove.tex.files: no visible binding for global variable 'lof'
remove.tex.files: no visible binding for global variable 'out'
rgenpois: no visible global function definition for 'runif'
rnorm.by.id: no visible global function definition for 'rnorm'
sgeomean.cl.normal: no visible global function definition for 'qt'
tabStats: no visible global function definition for 'aggregate'
tabulate.samples: no visible binding for global variable 'BLOQ'
tabulate.samples: no visible binding for global variable 'NS'
tabulate.samples: no visible binding for global variable 'M'
trellis.strip.color: no visible global function definition for 'rgb'
unitDensity: no visible binding for global variable 'density.default'
unitHistogram: no visible global function definition for 'plot'
unitHistogram: no visible global function definition for 'axis'
unitHistogram: no visible global function definition for 'segments'
unitHistogram: no visible global function definition for 'polygon'
Undefined global functions or variables:
  . BLOQ CI95 COV CV CWRES CondNum CovStep DV DVVAR DataSet Description
  EST EVID Est.se Estimation ID IIV IOV IPRED IVAR Lower LowerQ M
  Minimization Model NS OFV OMEGA PRED Package Parameter Priority Ref
  ResMod Run SIGMA StructMod THETA TIME Upper UpperQ abline age
  aggregate approx as.formula aux axis bbl blg bmi catValue catVariable
  coef col.schem comp1 comp2 con conValue conVariable cov.val
  covariance.step.successful covariance.step.warnings crcl dOFV ddply
  density density.default dev.cur dev.off df estimate.near.boundary
  estimated exchange.values fitted fixed.to.zero getGroups gray group
  here hist ht ka lines lm lof logLik lot lower lower.xcov lowess
  median minimization.successful model nID nObs nmDir obsLower obsUpper
  out par partial.residuals pf.nm pi.lower pi.upper piCentralDown
  piCentralUp piLower piLowerDown piLowerUp piUpper piUpperDown
  piUpperUp plot png polygon posthoc predict prediction qnorm qqplot qt
  quantile race removeSection resid residuals rgamma rgb rnorm run1
  run2 runif sampled sd segments sex sfCpus sfExportAll sfInit sfLapply
  sfParallel sfStop something sprt summarise text toc trim typical
  upper upper.xcov value var variable vpc50.real vpc50.sim wt xCov
  xCovm xValue xVariable yobs.cen yobs.hi yobs.lo ypr ypr.sd ypred.cen
  ypred.cen.dn ypred.cen.up ypred.hi ypred.hi.dn ypred.hi.up ypred.lo
  ypred.lo.dn ypred.lo.up
Consider adding
  importFrom("grDevices", "dev.cur", "dev.off", "gray", "png", "rgb")
  importFrom("graphics", "abline", "axis", "hist", "lines", "par",
             "plot", "polygon", "segments", "text")
  importFrom("stats", "aggregate", "approx", "as.formula", "coef",
             "density", "density.default", "df", "fitted", "lm",
             "logLik", "lowess", "median", "predict", "qnorm", "qqplot",
             "qt", "quantile", "resid", "residuals", "rgamma", "rnorm",
             "runif", "sd", "var")
to your NAMESPACE file.
* checking Rd files ... OK
* checking Rd metadata ... OK
* checking Rd cross-references ... OK
* checking for missing documentation entries ... WARNING
Undocumented code objects:
  'PI.ci.down.arcol' 'PI.ci.med.arcol' 'PI.ci.up.arcol'
  'PI.real.down.col' 'PI.real.med.col' 'PI.real.up.col' 'abline.color'
  'abline.color.box' 'amber' 'apple' 'blue' 'box.plot.color' 'brown'
  'cobalt' 'crimson' 'cyan' 'emerald' 'example.CWRES.plot'
  'example.NONMEM.dataset' 'example.pkpdData' 'gray' 'green'
  'histogram.color' 'indigo' 'insert.blank.line' 'ipred.color'
  'ipred.lty' 'ketchup' 'lime' 'lin.fit.col' 'loi.color' 'magenta'
  'mauve' 'obs.color' 'olive' 'orange' 'pink' 'pred.color' 'pred.lty'
  'purple' 'qp.colors' 'qp.colors.sorted' 'qp.green' 'red'
  'smooth.ci.color' 'smooth.color' 'steel' 'taupe' 'teal' 'violet'
  'xscale.components.log10.3' 'yellow' 'yscale.components.log10.3'
All user-level objects in a package should have documentation entries.
See chapter 'Writing R documentation files' in the 'Writing R
Extensions' manual.
* checking for code/documentation mismatches ... WARNING
Codoc mismatches from documentation object 'align.around.decimal.point':
align.around.decimal.point
  Code: function(x, sep = "\\.", len)
  Docs: function(x, sep = ".", Len)
  Argument names in code not in docs:
    len
  Argument names in docs not in code:
    Len
  Mismatches in argument names:
    Position: 3 Code: len Docs: Len
  Mismatches in argument default values:
    Name: 'sep' Code: "\\." Docs: "."

* checking Rd \usage sections ... WARNING
Undocumented arguments in documentation object 'align.around.decimal.point'
  'Len'
Documented arguments not in \usage in documentation object 'align.around.decimal.point':
  'len'

Undocumented arguments in documentation object 'formatted.signif'
  'latex' 'align.dot'

Undocumented arguments in documentation object 'ggvpc_standard'
  'point.size' 'quiet'

Undocumented arguments in documentation object 'ggvpc_xpose'
  'quiet'

Undocumented arguments in documentation object 'nm.covplot'
  'catcov.sep'

Undocumented arguments in documentation object 'nm.modeltrail.graph'
  'file.ext'
Documented arguments not in \usage in documentation object 'nm.modeltrail.graph':
  'extension'

Undocumented arguments in documentation object 'nm.parse.control.stream'
  'file.ext'
Documented arguments not in \usage in documentation object 'nm.parse.control.stream':
  'extension'

Undocumented arguments in documentation object 'make.eqs'
  'pars'
Duplicated \argument entries in documentation object 'make.eqs':
  '...'

Undocumented arguments in documentation object 'nm.unzip'
  'zip.call' 'quiet'
Documented arguments not in \usage in documentation object 'nm.unzip':
  'zip.program'

Undocumented arguments in documentation object 'panel.avg.LP'
  '...'

Undocumented arguments in documentation object 'panel.cwres'
  'col.line' 'pch' 'col.loess'
Documented arguments not in \usage in documentation object 'panel.cwres':
  'cex' 'smooth.col' 'lwd.loess'

Undocumented arguments in documentation object 'panel.meanspag'
  '...'

Undocumented arguments in documentation object 'panel.modelfit'
  '...'

Undocumented arguments in documentation object 'panel.nlme.vpc.obs'
  'x' 'y' 'logY' 'showPredAs' 'showObsDots' 'showObsLines' 'col.scheme'
  'obscex.dot' 'obspch.dot' '...'
Documented arguments not in \usage in documentation object 'panel.nlme.vpc.obs':
  'other'

Undocumented arguments in documentation object 'panel.nlme.vpc.pred'
  'x' 'y' 'OBS' 'vpc' 'subscripts' 'logY' 'showPredAs' 'showObsDots'
  'showObsLines' 'xCov' 'col.scheme' 'obscex.dot' 'obspch.dot' '...'
Documented arguments not in \usage in documentation object 'panel.nlme.vpc.pred':
  'other'

Undocumented arguments in documentation object 'panel.nonmem.vpc'
  'x' 'y' 'OBS' 'vpc' 'subscripts' 'showPredAs' 'showObsDots'
  'showObsLines' 'xCov' 'col.scheme' 'obscex.dot' 'obspch.dot'
  'lineType' 'central.lwd' '...'
Documented arguments not in \usage in documentation object 'panel.nonmem.vpc':
  'other'

Undocumented arguments in documentation object 'panel.residual'
  'span' '...'

Undocumented arguments in documentation object 'panel.superpose.arrows'
  'subscripts' 'groups' '...'

Undocumented arguments in documentation object 'panel.superpose.bubble'
  'groups' 'subscripts' '...'

Documented arguments not in \usage in documentation object 'pk.pred':
  'e.func'

Documented arguments not in \usage in documentation object 'pkpdPredPlot':
  'log'

Undocumented arguments in documentation object 'qqGamma'
  '...'

Undocumented arguments in documentation object 'read.ext'
  'file.ext'
Documented arguments not in \usage in documentation object 'read.ext':
  'extension'

Undocumented arguments in documentation object 'tabStats'
  'ndigits.categorical'

Undocumented arguments in documentation object 'tabSummarize'
  'ndigits.categorical'

Undocumented arguments in documentation object 'unitHistogram'
  '...'

Undocumented arguments in documentation object 'xscale.components.log10'
  '...'

Undocumented arguments in documentation object 'yscale.components.log10'
  '...'

Functions with \usage entries need to have the appropriate \alias
entries, and all their arguments documented.
The \usage entries must correspond to syntactically valid R code.
See chapter 'Writing R documentation files' in the 'Writing R
Extensions' manual.
* checking Rd contents ... OK
* checking for unstated dependencies in examples ... OK
* checking examples ... OK
* checking for unstated dependencies in 'tests' ... OK
* checking tests ...
  Running 'testthat.R'
 OK
* checking PDF version of manual ... OK
* DONE
Status: 4 WARNINGs, 3 NOTEs

See
  'C:/project/qpToolkit.Rcheck/00check.log'
for details.


R CMD check succeeded
