Sun 10/25/2015 
11:25 PM
;Model Desc: Two Compartment model with Clearance and central volume modeled with covariates age and gender
;Project Name: nm7examples
;Project ID: NO PROJECT DESCRIPTION
$PROBLEM    RUN# example2 (from sampc)
;; 1. Based on:0

;; 2. Description:

;;    Covariate Model CL and V with Gender and Age

;; 3. Label:

;;    2CMT

;; 4. Structural model:

;;    ADVAN3 TRANS4

;; 5. Covariate model:

;;    None

;; 6. Inter-individual variability:

;;    CL, V1, Q, V2

;; 7. Inter-occasion variability:

;;    None

;; 8. Residual variability:

;;    proportional

;; 9. Estimation:

;;    FOCE INTER, SAEM, BAYES, IMP
$INPUT      C SET ID JID TIME DV=CONC AMT=DOSE RATE EVID MDV CMT GNDR
            AGE
$DATA       example2.csv IGNORE=C
$SUBROUTINE ADVAN3 TRANS4
$PK 
TVCL=THETA(1)
TVV1=THETA(2)
TVQ=THETA(3)
TVV2=THETA(4)
CL=TVCL*DEXP(ETA(1))
V1=TVV1*DEXP(ETA(2))
Q=TVQ*DEXP(ETA(3))
V2=TVV2*DEXP(ETA(4))
S1=V1

STRT = 0
IF(ID.GT.200) STRT = 1

$ERROR 
CALLFL=0
; Option to model the residual error coefficient in THETA(11), rather than in SIGMA.
SDSL=THETA(5)
W=F*SDSL
Y = F + W*EPS(1)
IPRED=F
IWRES=(DV-F)/W

;Initial THETAs
$THETA  (0,1.0) ; [CL]
 (0,1.0) ; [V1]
 (0,1.0) ; [Q]
 (0,1.0) ; [V2]
 0.3 ; [SDSL]
;Initial OMEGAs
$OMEGA  BLOCK(4)
 0.5  ;    [varCL]
 0.001 0.5  ;    [varV1]
 0.001 0.001 0.5  ;     [varQ]
 0.001 0.001 0.001 0.5  ;    [varV2]
;SIGMA is 1.0 fixed, serves as unscaled variance for EPS(1).
; residual error scaling.
$SIGMA  1.0  FIX
$ESTIMATION METHOD=COND INTERACTION MAXEVAL=9999 NSIG=2 SIGL=14
            PRINT=5 NOABORT NOPRIOR=1
$COVARIANCE MATRIX=R UNCONDITIONAL PRINT=E
$TABLE      ID TIME DV IPRED PRED RES WRES CPRED CWRES EPRED ERES
            EWRES EVID NOAPPEND ONEHEADER FILE=example2.sdtab NOPRINT
$TABLE      ID CL V1 Q V2 ETA1 ETA2 ETA3 ETA4 NOAPPEND ONEHEADER
            NOPRINT FILE=example2.patab
$TABLE      ID AGE GNDR NOAPPEND ONEHEADER NOPRINT FILE=example2.catab

  
NM-TRAN MESSAGES 
  
 WARNINGS AND ERRORS (IF ANY) FOR PROBLEM    1
             
 (WARNING  2) NM-TRAN INFERS THAT THE DATA ARE POPULATION.
  
License Registered to: qPharmetraá
Expiration Date:    14 JUL 2016
Current Date:       25 OCT 2015
Days until program expires : 264
1NONLINEAR MIXED EFFECTS MODEL PROGRAM (NONMEM) VERSION 7.3.0
 ORIGINALLY DEVELOPED BY STUART BEAL, LEWIS SHEINER, AND ALISON BOECKMANN
 CURRENT DEVELOPERS ARE ROBERT BAUER, ICON DEVELOPMENT SOLUTIONS,
 AND ALISON BOECKMANN. IMPLEMENTATION, EFFICIENCY, AND STANDARDIZATION
 PERFORMED BY NOUS INFOSYSTEMS.

 PROBLEM NO.:         1
 RUN# example2 (from sampc)
0DATA CHECKOUT RUN:              NO
 DATA SET LOCATED ON UNIT NO.:    2
 THIS UNIT TO BE REWOUND:        NO
 NO. OF DATA RECS IN DATA SET:     2400
 NO. OF DATA ITEMS IN DATA SET:  13
 ID DATA ITEM IS DATA ITEM NO.:   3
 DEP VARIABLE IS DATA ITEM NO.:   6
 MDV DATA ITEM IS DATA ITEM NO.: 10
0INDICES PASSED TO SUBROUTINE PRED:
   9   5   7   8   0   0  11   0   0   0   0
0LABELS FOR DATA ITEMS:
 C SET ID JID TIME CONC DOSE RATE EVID MDV CMT GNDR AGE
0(NONBLANK) LABELS FOR PRED-DEFINED ITEMS:
 CL V1 Q V2 IPRED
0FORMAT FOR DATA:
 (2E2.0,3E4.0,E11.0,E4.0,5E2.0,E6.0)

 TOT. NO. OF OBS RECS:     2000
 TOT. NO. OF INDIVIDUALS:    400
0LENGTH OF THETA:   5
0DEFAULT THETA BOUNDARY TEST OMITTED:    NO
0OMEGA HAS BLOCK FORM:
  1
  1  1
  1  1  1
  1  1  1  1
0DEFAULT OMEGA BOUNDARY TEST OMITTED:    NO
0SIGMA HAS SIMPLE DIAGONAL FORM WITH DIMENSION:   1
0DEFAULT SIGMA BOUNDARY TEST OMITTED:    NO
0INITIAL ESTIMATE OF THETA:
 LOWER BOUND    INITIAL EST    UPPER BOUND
  0.0000E+00     0.1000E+01     0.1000E+07
  0.0000E+00     0.1000E+01     0.1000E+07
  0.0000E+00     0.1000E+01     0.1000E+07
  0.0000E+00     0.1000E+01     0.1000E+07
 -0.1000E+07     0.3000E+00     0.1000E+07
0INITIAL ESTIMATE OF OMEGA:
 BLOCK SET NO.   BLOCK                                                                    FIXED
        1                                                                                   NO
                  0.5000E+00
                  0.1000E-02   0.5000E+00
                  0.1000E-02   0.1000E-02   0.5000E+00
                  0.1000E-02   0.1000E-02   0.1000E-02   0.5000E+00
0INITIAL ESTIMATE OF SIGMA:
 0.1000E+01
0SIGMA CONSTRAINED TO BE THIS INITIAL ESTIMATE
0COVARIANCE STEP OMITTED:        NO
 R MATRIX SUBSTITUTED:          YES
 S MATRIX SUBSTITUTED:           NO
 EIGENVLS. PRINTED:             YES
 COMPRESSED FORMAT:              NO
 SIGDIGITS ETAHAT (SIGLO):                  -1
 SIGDIGITS GRADIENTS (SIGL):                -1
 RELATIVE TOLERANCE (TOL):                  -1
 ABSOLUTE TOLERANCE-ADVAN 9,13 ONLY (ATOL): -1
 EXCLUDE COV FOR FOCE (NOFCOV):              NO
 RESUME COV ANALYSIS (RESUME):               NO
0TABLES STEP OMITTED:    NO
 NO. OF TABLES:           3
 SEED NUMBER (SEED):    11456
 RANMETHOD:
 MC SAMPLES (ESEED):    300
 WRES SQUARE ROOT TYPE:            EIGENVALUE
0-- TABLE   1 --
04 COLUMNS APPENDED:     NO
 PRINTED:                NO
 HEADERS:               ONE
 FILE TO BE FORWARDED:   NO
 FORMAT:                S1PE11.4
 LFORMAT:
 RFORMAT:
0USER-CHOSEN ITEMS:
 ID TIME CONC IPRED PRED RES WRES CPRED CWRES EPRED ERES EWRES EVID
0-- TABLE   2 --
04 COLUMNS APPENDED:     NO
 PRINTED:                NO
 HEADERS:               ONE
 FILE TO BE FORWARDED:   NO
 FORMAT:                S1PE11.4
 LFORMAT:
 RFORMAT:
0USER-CHOSEN ITEMS:
 ID CL V1 Q V2 ETA1 ETA2 ETA3 ETA4
0-- TABLE   3 --
04 COLUMNS APPENDED:     NO
 PRINTED:                NO
 HEADERS:               ONE
 FILE TO BE FORWARDED:   NO
 FORMAT:                S1PE11.4
 LFORMAT:
 RFORMAT:
0USER-CHOSEN ITEMS:
 ID AGE GNDR
1DOUBLE PRECISION PREDPP VERSION 7.3.0

 TWO COMPARTMENT MODEL (ADVAN3)
0MAXIMUM NO. OF BASIC PK PARAMETERS:   4
0BASIC PK PARAMETERS (AFTER TRANSLATION):
   BASIC PK PARAMETER NO.  1: ELIMINATION RATE (K)
   BASIC PK PARAMETER NO.  2: CENTRAL-TO-PERIPH. RATE (K12)
   BASIC PK PARAMETER NO.  3: PERIPH.-TO-CENTRAL RATE (K21)
 TRANSLATOR WILL CONVERT PARAMETERS
 CL, V1, Q, V2 TO K, K12, K21 (TRANS4)
0COMPARTMENT ATTRIBUTES
 COMPT. NO.   FUNCTION   INITIAL    ON/OFF      DOSE      DEFAULT    DEFAULT
                         STATUS     ALLOWED    ALLOWED    FOR DOSE   FOR OBS.
    1         CENTRAL      ON         NO         YES        YES        YES
    2         PERIPH.      ON         NO         YES        NO         NO
    3         OUTPUT       OFF        YES        NO         NO         NO
1
 ADDITIONAL PK PARAMETERS - ASSIGNMENT OF ROWS IN GG
 COMPT. NO.                             INDICES
              SCALE      BIOAVAIL.   ZERO-ORDER  ZERO-ORDER  ABSORB
                         FRACTION    RATE        DURATION    LAG
    1            5           *           *           *           *
    2            *           *           *           *           *
    3            *           -           -           -           -
             - PARAMETER IS NOT ALLOWED FOR THIS MODEL
             * PARAMETER IS NOT SUPPLIED BY PK SUBROUTINE;
               WILL DEFAULT TO ONE IF APPLICABLE
0DATA ITEM INDICES USED BY PRED ARE:
   EVENT ID DATA ITEM IS DATA ITEM NO.:      9
   TIME DATA ITEM IS DATA ITEM NO.:          5
   DOSE AMOUNT DATA ITEM IS DATA ITEM NO.:   7
   DOSE RATE DATA ITEM IS DATA ITEM NO.:     8
   COMPT. NO. DATA ITEM IS DATA ITEM NO.:   11

0PK SUBROUTINE CALLED WITH EVERY EVENT RECORD.
 PK SUBROUTINE NOT CALLED AT NONEVENT (ADDITIONAL OR LAGGED) DOSE TIMES.
0DURING SIMULATION, ERROR SUBROUTINE CALLED WITH EVERY EVENT RECORD.
 OTHERWISE, ERROR SUBROUTINE CALLED ONLY WITH OBSERVATION EVENTS.
1


 #TBLN:      1
 #METH: First Order Conditional Estimation with Interaction (No Prior)

 ESTIMATION STEP OMITTED:                 NO  
 ANALYSIS TYPE:                           POPULATION
 CONDITIONAL ESTIMATES USED:              YES 
 CENTERED ETA:                            NO  
 EPS-ETA INTERACTION:                     YES 
 LAPLACIAN OBJ. FUNC.:                    NO  
 NO. OF FUNCT. EVALS. ALLOWED:            9999
 NO. OF SIG. FIGURES REQUIRED:            2
 INTERMEDIATE PRINTOUT:                   YES 
 ESTIMATE OUTPUT TO MSF:                  NO  
 ABORT WITH PRED EXIT CODE 1:             NO  
 IND. OBJ. FUNC. VALUES SORTED:           NO  
 NUMERICAL DERIVATIVE 
       FILE REQUEST (NUMDER):             NONE
 MAP (ETAHAT) ESTIMATION METHOD (OPTMAP): 0           
 ETA HESSIAN EVALUATION METHOD (ETADER):  0           
 INITIAL ETA FOR MAP ESTIMATION (MCETA):  0           
 SIGDIGITS FOR MAP ESTIMATION (SIGLO):    14          
 GRADIENT SIGDIGITS OF 
       FIXED EFFECTS PARAMETERS (SIGL):   14          
 EXCLUDE TITLE (NOTITLE):                 NO 
 EXCLUDE COLUMN LABELS (NOLABEL):         NO 
 NOPRIOR SETTING (NOPRIOR):               ON 
 NOCOV SETTING (NOCOV):                   OFF
 DERCONT SETTING (DERCONT):               OFF
 ABSOLUTE TOLERANCE-ADVAN 9,13 ONLY(ATOL):-100        
 FINAL ETA RE-EVALUATION (FNLETA):        ON 
 EXCLUDE NON-INFLUENTIAL (NON-INFL.) ETAS 
       IN SHRINKAGE (ETASTYPE):           NO 
 NON-INFL. ETA CORRECTION (NONINFETA):    OFF
 FORMAT FOR ADDITIONAL FILES (FORMAT):    S1PE12.5
 PARAMETER ORDER FOR OUTPUTS (ORDER):     TSOL
 ADDITIONAL CONVERGENCE TEST (CTYPE=4)?:  NO
 EM OR BAYESIAN METHOD USED:                NONE


 THE FOLLOWING LABELS ARE EQUIVALENT
 PRED=PREDI
 RES=RESI
 WRES=WRESI
 IWRS=IWRESI
 IPRD=IPREDI
 IRS=IRESI

 MONITORING OF SEARCH:


0ITERATION NO.:    0    OBJECTIVE VALUE:   727.776385224060        NO. OF FUNC. EVALS.:   7
 CUMULATIVE NO. OF FUNC. EVALS.:        7
 NPARAMETR:  1.0000E+00  1.0000E+00  1.0000E+00  1.0000E+00  3.0000E-01  5.0000E-01  1.0000E-03  1.0000E-03  1.0000E-03  5.0000E-01
             1.0000E-03  1.0000E-03  5.0000E-01  1.0000E-03  5.0000E-01
 PARAMETER:  1.0000E-01  1.0000E-01  1.0000E-01  1.0000E-01  1.0000E-01  1.0000E-01  1.0000E-01  1.0000E-01  1.0000E-01  1.0000E-01
             1.0000E-01  1.0000E-01  1.0000E-01  1.0000E-01  1.0000E-01
 GRADIENT:  -2.0535E+03 -1.0461E+03  7.7527E+02 -1.5268E+03 -2.1754E+04 -2.3772E+03 -1.9994E+01  2.2693E+01 -3.8898E+01 -1.3773E+03
            -1.0326E+00 -1.8174E+01 -8.7810E+01  1.2873E+01 -1.3127E+03

0ITERATION NO.:    5    OBJECTIVE VALUE:  -4671.92558322136        NO. OF FUNC. EVALS.:  10
 CUMULATIVE NO. OF FUNC. EVALS.:       49
 NPARAMETR:  2.1512E+01  2.1138E+01  2.5385E+00  2.3215E+01  1.7520E-01  6.9175E-01  1.6020E-03  1.1799E-03  1.7331E-03  1.5079E+00
             1.7596E-03  2.5341E-03  7.4121E-02  3.7086E-04  7.4030E-01
 PARAMETER:  3.1686E+00  3.1511E+00  1.0316E+00  3.2448E+00  5.8401E-02  2.6231E-01  1.3620E-01  1.0032E-01  1.4735E-01  6.5194E-01
             1.0137E-01  1.4598E-01 -8.5448E-01  9.5170E-02  2.9622E-01
 GRADIENT:   1.1975E+03  5.9231E+02  7.0279E+02  6.4788E+02  6.2495E+03 -1.1829E+03 -9.8922E+00 -1.9582E+01 -1.0555E+01  8.0827E+01
            -9.6265E+00 -8.6122E+00  8.8571E+01 -2.3590E+00  1.9909E+02

0ITERATION NO.:   10    OBJECTIVE VALUE:  -5381.63132742338        NO. OF FUNC. EVALS.:   8
 CUMULATIVE NO. OF FUNC. EVALS.:       92
 NPARAMETR:  3.4509E+01  4.5371E+01  1.9258E+00  1.0903E+01  1.3509E-01  1.2233E+00  2.7228E-03 -1.5471E-03  4.9363E-03  5.6736E+00
             1.8193E-03  1.0523E-02  5.2912E-02  6.1638E-04  4.2284E-02
 PARAMETER:  3.6412E+00  3.9149E+00  7.5535E-01  2.4890E+00  4.5029E-02  5.4736E-01  1.7407E-01 -9.8906E-02  3.1558E-01  1.3145E+00
             5.4218E-02  3.1269E-01 -1.0230E+00  1.9113E-01 -1.1356E+00
 GRADIENT:   1.0149E+03  2.7463E+02 -7.6121E+02  8.4965E+02  4.9893E+03 -1.1724E+03 -5.3532E+00  1.0523E+01 -1.7407E+01  2.4281E+02
             9.2012E+00 -1.0985E+01  2.3333E+02 -1.0256E+01  3.3376E+02

0ITERATION NO.:   15    OBJECTIVE VALUE:  -5494.50864355005        NO. OF FUNC. EVALS.:  13
 CUMULATIVE NO. OF FUNC. EVALS.:      152
 NPARAMETR:  3.4817E+01  4.2253E+01  1.9225E+00  1.0761E+01  1.3802E-01  1.2991E+00  5.7879E-03 -3.6105E-04  6.8113E-03  5.3949E+00
             4.8406E-03  2.1839E-02  4.3386E-02  2.4278E-03  4.1017E-02
 PARAMETER:  3.6501E+00  3.8437E+00  7.5365E-01  2.4759E+00  4.6007E-02  5.7741E-01  3.5908E-01 -2.2399E-02  4.2257E-01  1.2893E+00
             1.4771E-01  6.6525E-01 -1.1223E+00  8.2148E-01 -1.1535E+00
 GRADIENT:   9.6177E+02  2.7659E+02 -8.3228E+02  7.2783E+02  6.8306E+03 -1.0734E+03 -5.2403E+00  1.1034E+01 -1.3963E+01  2.6113E+02
             9.8028E+00 -9.3746E+00  2.0301E+02 -1.0007E+01  3.5884E+02

0ITERATION NO.:   20    OBJECTIVE VALUE:  -5494.54255946788        NO. OF FUNC. EVALS.:  22
 CUMULATIVE NO. OF FUNC. EVALS.:      243
 NPARAMETR:  3.4817E+01  4.2251E+01  1.9226E+00  1.0761E+01  1.3802E-01  1.2991E+00  5.7924E-03 -3.6037E-04  6.8128E-03  5.3947E+00
             4.8394E-03  2.1850E-02  4.3385E-02  2.4283E-03  4.1017E-02
 PARAMETER:  3.6501E+00  3.8436E+00  7.5365E-01  2.4759E+00  4.6007E-02  5.7741E-01  3.5935E-01 -2.2357E-02  4.2265E-01  1.2893E+00
             1.4768E-01  6.6560E-01 -1.1223E+00  8.2166E-01 -1.1535E+00
 GRADIENT:   9.6176E+02  2.7660E+02 -8.3228E+02  7.2782E+02  6.8308E+03 -1.0734E+03 -5.2404E+00  1.1034E+01 -1.3962E+01  2.6113E+02
             9.8028E+00 -9.3746E+00  2.0300E+02 -1.0007E+01  3.5885E+02

0ITERATION NO.:   25    OBJECTIVE VALUE:  -5494.54612463612        NO. OF FUNC. EVALS.:  10
 CUMULATIVE NO. OF FUNC. EVALS.:      384
 NPARAMETR:  3.4817E+01  4.2252E+01  1.9226E+00  1.0761E+01  1.3802E-01  1.2991E+00  5.7925E-03 -3.6339E-04  6.8127E-03  5.3947E+00
             4.8394E-03  2.1850E-02  4.3385E-02  2.4283E-03  4.1017E-02
 PARAMETER:  3.6501E+00  3.8437E+00  7.5366E-01  2.4759E+00  4.6007E-02  5.7741E-01  3.5936E-01 -2.2544E-02  4.2265E-01  1.2893E+00
             1.4768E-01  6.6560E-01 -1.1223E+00  8.2167E-01 -1.1535E+00
 GRADIENT:   9.6160E+02  2.7658E+02 -8.3219E+02  7.2734E+02  6.8308E+03 -1.0734E+03 -5.2404E+00  1.1031E+01 -1.3958E+01  2.6112E+02
             9.8012E+00 -9.3722E+00  2.0302E+02 -1.0008E+01  3.5887E+02

 #TERM:
0MINIMIZATION SUCCESSFUL
 NO. OF FUNCTION EVALUATIONS USED:      384
 NO. OF SIG. DIGITS IN FINAL EST.:  2.4

 ETABAR IS THE ARITHMETIC MEAN OF THE ETA-ESTIMATES,
 AND THE P-VALUE IS GIVEN FOR THE NULL HYPOTHESIS THAT THE TRUE MEAN IS 0.

 ETABAR:        -1.5695E+00 -1.8878E+00  4.0455E-02 -5.4604E-02
 SE:             3.8289E-02  1.6487E-02  4.2296E-03  4.3588E-03
 N:                     400         400         400         400

 P VAL.:         0.0000E+00  0.0000E+00  1.1435E-21  5.4685E-36

 ETAshrink(%):   3.2730E+01  8.5785E+01  5.9337E+01  5.6902E+01
 EBVshrink(%):   1.7975E-01  2.1319E-01  3.2247E+01  1.9895E+01
 EPSshrink(%):   4.3327E+01

 #TERE:
 Elapsed estimation time in seconds:    42.41
0R MATRIX ALGORITHMICALLY SINGULAR
 AND ALGORITHMICALLY NON-POSITIVE-SEMIDEFINITE
0COVARIANCE STEP ABORTED
 Elapsed covariance time in seconds:    12.78
1
 
 
 
 
 
 
 
 
 
 
 
 
 
 
 
 
 
 
 
 
 ************************************************************************************************************************
 ********************                                                                                ********************
 ********************          FIRST ORDER CONDITIONAL ESTIMATION WITH INTERACTION (NO PRIOR)        ********************
 #OBJT:**************                       MINIMUM VALUE OF OBJECTIVE FUNCTION                      ********************
 ********************                                                                                ********************
 ************************************************************************************************************************
 





 #OBJV:********************************************    -5494.546       **************************************************
1
 ************************************************************************************************************************
 ********************                                                                                ********************
 ********************          FIRST ORDER CONDITIONAL ESTIMATION WITH INTERACTION (NO PRIOR)        ********************
 ********************                             FINAL PARAMETER ESTIMATE                           ********************
 ********************                                                                                ********************
 ************************************************************************************************************************
 


 THETA - VECTOR OF FIXED EFFECTS PARAMETERS   *********


         TH 1      TH 2      TH 3      TH 4      TH 5     
 
         3.48E+01  4.23E+01  1.92E+00  1.08E+01  1.38E-01
 


 OMEGA - COV MATRIX FOR RANDOM EFFECTS - ETAS  ********


            ETA1      ETA2      ETA3      ETA4   
 
 ETA1
+        1.30E+00
 
 ETA2
+        5.79E-03  5.39E+00
 
 ETA3
+       -3.63E-04  4.84E-03  4.34E-02
 
 ETA4
+        6.81E-03  2.18E-02  2.43E-03  4.10E-02
 


 SIGMA - COV MATRIX FOR RANDOM EFFECTS - EPSILONS  ****


            EPS1   
 
 EPS1
+        1.00E+00
 
1


 OMEGA - CORR MATRIX FOR RANDOM EFFECTS - ETAS  *******


            ETA1      ETA2      ETA3      ETA4   
 
 ETA1
+        1.14E+00
 
 ETA2
+        2.19E-03  2.32E+00
 
 ETA3
+       -1.53E-03  1.00E-02  2.08E-01
 
 ETA4
+        2.95E-02  4.64E-02  5.76E-02  2.03E-01
 


 SIGMA - CORR MATRIX FOR RANDOM EFFECTS - EPSILONS  ***


            EPS1   
 
 EPS1
+        1.00E+00
 
 #CPUT: Total CPU Time in Seconds,       56.438
Stop Time: 
Sun 10/25/2015 
11:26 PM
